subject: Redefinição de senha do Goyim Arena
--- text
Olá, Ana

Use o código abaixo para redefinir sua senha. Se você não pediu isso, ignore esta mensagem.

Código de redefinição: K7QP-2M4Z-9RTX

Equipe Goyim Arena
--- html
<!doctype html>
<html lang="pt-BR">
<head>
<meta charset="utf-8">
<title>Redefinição de senha do Goyim Arena</title>
</head>
<body>
<p>Olá, Ana</p>
<p>Use o código abaixo para redefinir sua senha. Se você não pediu isso, ignore esta mensagem.</p>
<p><strong>Código de redefinição</strong></p>
<p>K7QP-2M4Z-9RTX</p>
<p>Equipe Goyim Arena</p>
</body>
</html>
