subject: Your Goyim Arena password was changed
--- text
Hi, Ana

Your account password was changed and every older session was ended. If this was not you, reset your password now and review the active sessions.

The Goyim Arena team
--- html
<!doctype html>
<html lang="en-US" dir="ltr">
<head>
<meta charset="utf-8">
<title>Your Goyim Arena password was changed</title>
</head>
<body>
<p>Hi, Ana</p>
<p>Your account password was changed and every older session was ended. If this was not you, reset your password now and review the active sessions.</p>
<p>The Goyim Arena team</p>
</body>
</html>
