subject: Sua senha do Goyim Arena foi alterada
--- text
Olá, Ana

A senha da sua conta foi alterada e todas as sessões antigas foram encerradas. Se não foi você, redefina a senha agora e revise as sessões ativas.

Equipe Goyim Arena
--- html
<!doctype html>
<html lang="pt-BR">
<head>
<meta charset="utf-8">
<title>Sua senha do Goyim Arena foi alterada</title>
</head>
<body>
<p>Olá, Ana</p>
<p>A senha da sua conta foi alterada e todas as sessões antigas foram encerradas. Se não foi você, redefina a senha agora e revise as sessões ativas.</p>
<p>Equipe Goyim Arena</p>
</body>
</html>
